// Vitest Snapshot v1, https://vitest.dev/guide/snapshot.html

exports[`generateMelody — determinism > matches a committed golden snapshot 1`] = `
[
  {
    "degree": 5,
    "durationBeats": 0.5,
    "startBeat": 0,
    "strong": true,
    "velocity": 0.7,
  },
  {
    "degree": 5,
    "durationBeats": 0.5,
    "startBeat": 0.5,
    "strong": false,
    "velocity": 0.574,
  },
  {
    "degree": 7,
    "durationBeats": 0.5,
    "startBeat": 1,
    "strong": false,
    "velocity": 0.574,
  },
  {
    "degree": 7,
    "durationBeats": 0.25,
    "startBeat": 1.5,
    "strong": false,
    "velocity": 0.574,
  },
  {
    "degree": 6,
    "durationBeats": 0.25,
    "startBeat": 1.75,
    "strong": false,
    "velocity": 0.574,
  },
  {
    "degree": 7,
    "durationBeats": 0.75,
    "startBeat": 2,
    "strong": true,
    "velocity": 0.7,
  },
  {
    "degree": 7,
    "durationBeats": 0.25,
    "startBeat": 2.75,
    "strong": false,
    "velocity": 0.574,
  },
  {
    "degree": 6,
    "durationBeats": 1,
    "startBeat": 4,
    "strong": true,
    "velocity": 0.7,
  },
  {
    "degree": 7,
    "durationBeats": 0.5,
    "startBeat": 5,
    "strong": false,
    "velocity": 0.574,
  },
  {
    "degree": 7,
    "durationBeats": 0.25,
    "startBeat": 5.5,
    "strong": false,
    "velocity": 0.574,
  },
  {
    "degree": 4,
    "durationBeats": 0.25,
    "startBeat": 5.75,
    "strong": false,
    "velocity": 0.574,
  },
  {
    "degree": 3,
    "durationBeats": 0.5,
    "startBeat": 6,
    "strong": true,
    "velocity": 0.7,
  },
  {
    "degree": 7,
    "durationBeats": 0.25,
    "startBeat": 6.5,
    "strong": false,
    "velocity": 0.574,
  },
  {
    "degree": 6,
    "durationBeats": 0.25,
    "startBeat": 6.75,
    "strong": false,
    "velocity": 0.574,
  },
  {
    "degree": 4,
    "durationBeats": 0.75,
    "startBeat": 7,
    "strong": false,
    "velocity": 0.574,
  },
  {
    "degree": 4,
    "durationBeats": 0.25,
    "startBeat": 7.75,
    "strong": false,
    "velocity": 0.574,
  },
  {
    "degree": 5,
    "durationBeats": 0.75,
    "startBeat": 8,
    "strong": true,
    "velocity": 0.7,
  },
  {
    "degree": 7,
    "durationBeats": 0.25,
    "startBeat": 8.75,
    "strong": false,
    "velocity": 0.574,
  },
  {
    "degree": 7,
    "durationBeats": 0.25,
    "startBeat": 9,
    "strong": false,
    "velocity": 0.574,
  },
  {
    "degree": 5,
    "durationBeats": 0.25,
    "startBeat": 9.25,
    "strong": false,
    "velocity": 0.574,
  },
  {
    "degree": 5,
    "durationBeats": 0.5,
    "startBeat": 9.5,
    "strong": false,
    "velocity": 0.574,
  },
  {
    "degree": 7,
    "durationBeats": 0.5,
    "startBeat": 10,
    "strong": true,
    "velocity": 0.7,
  },
  {
    "degree": 7,
    "durationBeats": 0.25,
    "startBeat": 10.5,
    "strong": false,
    "velocity": 0.574,
  },
  {
    "degree": 6,
    "durationBeats": 0.25,
    "startBeat": 10.75,
    "strong": false,
    "velocity": 0.574,
  },
  {
    "degree": 5,
    "durationBeats": 0.25,
    "startBeat": 11,
    "strong": false,
    "velocity": 0.574,
  },
  {
    "degree": 4,
    "durationBeats": 0.25,
    "startBeat": 11.25,
    "strong": false,
    "velocity": 0.574,
  },
  {
    "degree": 4,
    "durationBeats": 0.5,
    "startBeat": 11.5,
    "strong": false,
    "velocity": 0.574,
  },
  {
    "degree": 7,
    "durationBeats": 0.5,
    "startBeat": 12,
    "strong": true,
    "velocity": 0.7,
  },
  {
    "degree": 5,
    "durationBeats": 1.5,
    "startBeat": 12.5,
    "strong": false,
    "velocity": 0.574,
  },
  {
    "degree": 5,
    "durationBeats": 0.5,
    "startBeat": 16,
    "strong": true,
    "velocity": 0.7,
  },
  {
    "degree": 3,
    "durationBeats": 1.5,
    "startBeat": 16.5,
    "strong": false,
    "velocity": 0.574,
  },
  {
    "degree": 4,
    "durationBeats": 0.5,
    "startBeat": 18,
    "strong": true,
    "velocity": 0.7,
  },
  {
    "degree": 4,
    "durationBeats": 0.25,
    "startBeat": 18.5,
    "strong": false,
    "velocity": 0.574,
  },
  {
    "degree": 7,
    "durationBeats": 0.25,
    "startBeat": 18.75,
    "strong": false,
    "velocity": 0.574,
  },
  {
    "degree": 7,
    "durationBeats": 0.25,
    "startBeat": 20,
    "strong": true,
    "velocity": 0.7,
  },
  {
    "degree": 6,
    "durationBeats": 0.25,
    "startBeat": 20.25,
    "strong": false,
    "velocity": 0.574,
  },
  {
    "degree": 6,
    "durationBeats": 0.25,
    "startBeat": 20.5,
    "strong": false,
    "velocity": 0.574,
  },
  {
    "degree": 4,
    "durationBeats": 0.25,
    "startBeat": 20.75,
    "strong": false,
    "velocity": 0.574,
  },
  {
    "degree": 7,
    "durationBeats": 0.75,
    "startBeat": 21,
    "strong": false,
    "velocity": 0.574,
  },
  {
    "degree": 7,
    "durationBeats": 1.25,
    "startBeat": 21.75,
    "strong": false,
    "velocity": 0.574,
  },
  {
    "degree": 5,
    "durationBeats": 0.5,
    "startBeat": 24,
    "strong": true,
    "velocity": 0.7,
  },
  {
    "degree": 5,
    "durationBeats": 0.5,
    "startBeat": 24.5,
    "strong": false,
    "velocity": 0.574,
  },
  {
    "degree": 7,
    "durationBeats": 0.5,
    "startBeat": 25,
    "strong": false,
    "velocity": 0.574,
  },
  {
    "degree": 7,
    "durationBeats": 0.25,
    "startBeat": 25.5,
    "strong": false,
    "velocity": 0.574,
  },
  {
    "degree": 5,
    "durationBeats": 1.25,
    "startBeat": 25.75,
    "strong": false,
    "velocity": 0.574,
  },
  {
    "degree": 3,
    "durationBeats": 0.5,
    "startBeat": 28,
    "strong": true,
    "velocity": 0.7,
  },
  {
    "degree": 3,
    "durationBeats": 1.5,
    "startBeat": 28.5,
    "strong": false,
    "velocity": 0.574,
  },
  {
    "degree": 2,
    "durationBeats": 0.5,
    "startBeat": 32,
    "strong": true,
    "velocity": 0.7,
  },
  {
    "degree": 5,
    "durationBeats": 0.5,
    "startBeat": 32.5,
    "strong": false,
    "velocity": 0.574,
  },
  {
    "degree": 6,
    "durationBeats": 1,
    "startBeat": 33,
    "strong": false,
    "velocity": 0.574,
  },
  {
    "degree": 6,
    "durationBeats": 0.25,
    "startBeat": 35,
    "strong": false,
    "velocity": 0.574,
  },
  {
    "degree": 2,
    "durationBeats": 0.25,
    "startBeat": 35.25,
    "strong": false,
    "velocity": 0.574,
  },
  {
    "degree": 6,
    "durationBeats": 0.25,
    "startBeat": 35.5,
    "strong": false,
    "velocity": 0.574,
  },
  {
    "degree": 7,
    "durationBeats": 0.25,
    "startBeat": 35.75,
    "strong": false,
    "velocity": 0.574,
  },
  {
    "degree": 3,
    "durationBeats": 0.5,
    "startBeat": 36,
    "strong": true,
    "velocity": 0.7,
  },
  {
    "degree": 7,
    "durationBeats": 0.25,
    "startBeat": 36.5,
    "strong": false,
    "velocity": 0.574,
  },
  {
    "degree": 5,
    "durationBeats": 0.25,
    "startBeat": 36.75,
    "strong": false,
    "velocity": 0.574,
  },
  {
    "degree": 4,
    "durationBeats": 0.5,
    "startBeat": 37,
    "strong": false,
    "velocity": 0.574,
  },
  {
    "degree": 7,
    "durationBeats": 0.5,
    "startBeat": 37.5,
    "strong": false,
    "velocity": 0.574,
  },
  {
    "degree": 6,
    "durationBeats": 0.75,
    "startBeat": 38,
    "strong": true,
    "velocity": 0.7,
  },
  {
    "degree": 7,
    "durationBeats": 0.25,
    "startBeat": 38.75,
    "strong": false,
    "velocity": 0.574,
  },
  {
    "degree": 7,
    "durationBeats": 0.75,
    "startBeat": 40,
    "strong": true,
    "velocity": 0.7,
  },
  {
    "degree": 6,
    "durationBeats": 0.25,
    "startBeat": 40.75,
    "strong": false,
    "velocity": 0.574,
  },
  {
    "degree": 6,
    "durationBeats": 0.5,
    "startBeat": 41,
    "strong": false,
    "velocity": 0.574,
  },
  {
    "degree": 7,
    "durationBeats": 0.5,
    "startBeat": 41.5,
    "strong": false,
    "velocity": 0.574,
  },
  {
    "degree": 7,
    "durationBeats": 0.25,
    "startBeat": 42,
    "strong": true,
    "velocity": 0.7,
  },
  {
    "degree": 5,
    "durationBeats": 0.25,
    "startBeat": 42.25,
    "strong": false,
    "velocity": 0.574,
  },
  {
    "degree": 6,
    "durationBeats": 0.5,
    "startBeat": 42.5,
    "strong": false,
    "velocity": 0.574,
  },
  {
    "degree": 7,
    "durationBeats": 0.5,
    "startBeat": 43,
    "strong": false,
    "velocity": 0.574,
  },
  {
    "degree": 6,
    "durationBeats": 0.25,
    "startBeat": 43.5,
    "strong": false,
    "velocity": 0.574,
  },
  {
    "degree": 5,
    "durationBeats": 0.25,
    "startBeat": 43.75,
    "strong": false,
    "velocity": 0.574,
  },
  {
    "degree": 3,
    "durationBeats": 2,
    "startBeat": 44,
    "strong": true,
    "velocity": 0.7,
  },
  {
    "degree": 5,
    "durationBeats": 0.5,
    "startBeat": 48,
    "strong": true,
    "velocity": 0.7,
  },
  {
    "degree": 6,
    "durationBeats": 0.25,
    "startBeat": 48.5,
    "strong": false,
    "velocity": 0.574,
  },
  {
    "degree": 5,
    "durationBeats": 0.25,
    "startBeat": 48.75,
    "strong": false,
    "velocity": 0.574,
  },
  {
    "degree": 5,
    "durationBeats": 0.25,
    "startBeat": 49,
    "strong": false,
    "velocity": 0.574,
  },
  {
    "degree": 3,
    "durationBeats": 0.25,
    "startBeat": 49.25,
    "strong": false,
    "velocity": 0.574,
  },
  {
    "degree": 3,
    "durationBeats": 0.25,
    "startBeat": 49.5,
    "strong": false,
    "velocity": 0.574,
  },
  {
    "degree": 5,
    "durationBeats": 0.25,
    "startBeat": 49.75,
    "strong": false,
    "velocity": 0.574,
  },
  {
    "degree": 5,
    "durationBeats": 1,
    "startBeat": 50,
    "strong": true,
    "velocity": 0.7,
  },
  {
    "degree": 4,
    "durationBeats": 0.25,
    "startBeat": 51,
    "strong": false,
    "velocity": 0.574,
  },
  {
    "degree": 5,
    "durationBeats": 0.25,
    "startBeat": 51.25,
    "strong": false,
    "velocity": 0.574,
  },
  {
    "degree": 7,
    "durationBeats": 0.5,
    "startBeat": 51.5,
    "strong": false,
    "velocity": 0.574,
  },
  {
    "degree": 7,
    "durationBeats": 0.5,
    "startBeat": 52,
    "strong": true,
    "velocity": 0.7,
  },
  {
    "degree": 5,
    "durationBeats": 0.25,
    "startBeat": 52.5,
    "strong": false,
    "velocity": 0.574,
  },
  {
    "degree": 5,
    "durationBeats": 1.25,
    "startBeat": 52.75,
    "strong": false,
    "velocity": 0.574,
  },
  {
    "degree": 7,
    "durationBeats": 0.5,
    "startBeat": 55,
    "strong": false,
    "velocity": 0.574,
  },
  {
    "degree": 7,
    "durationBeats": 0.5,
    "startBeat": 55.5,
    "strong": false,
    "velocity": 0.574,
  },
  {
    "degree": 5,
    "durationBeats": 0.5,
    "startBeat": 56,
    "strong": true,
    "velocity": 0.7,
  },
  {
    "degree": 2,
    "durationBeats": 0.25,
    "startBeat": 56.5,
    "strong": false,
    "velocity": 0.574,
  },
  {
    "degree": 2,
    "durationBeats": 0.25,
    "startBeat": 56.75,
    "strong": false,
    "velocity": 0.574,
  },
  {
    "degree": 4,
    "durationBeats": 0.5,
    "startBeat": 57,
    "strong": false,
    "velocity": 0.574,
  },
  {
    "degree": 4,
    "durationBeats": 0.25,
    "startBeat": 57.5,
    "strong": false,
    "velocity": 0.574,
  },
  {
    "degree": 5,
    "durationBeats": 1.25,
    "startBeat": 57.75,
    "strong": false,
    "velocity": 0.574,
  },
  {
    "degree": 7,
    "durationBeats": 0.5,
    "startBeat": 60,
    "strong": true,
    "velocity": 0.7,
  },
  {
    "degree": 5,
    "durationBeats": 1.5,
    "startBeat": 60.5,
    "strong": false,
    "velocity": 0.574,
  },
]
`;
