// Vitest Snapshot v1, https://vitest.dev/guide/snapshot.html

exports[`arrange — golden & validation > matches a committed structural golden 1`] = `
{
  "bars": 8,
  "beatsPerBar": 4,
  "bpm": 100,
  "drums": [
    {
      "count": 16,
      "drum": "kick",
    },
    {
      "count": 16,
      "drum": "snare",
    },
    {
      "count": 64,
      "drum": "hat",
    },
  ],
  "lengthBeats": 32,
  "parts": [
    {
      "count": 52,
      "first3": [
        {
          "durationBeats": 0.5,
          "freq": 523.25,
          "startBeat": 0,
          "velocity": 0.6,
        },
        {
          "durationBeats": 0.5,
          "freq": 440,
          "startBeat": 0.5,
          "velocity": 0.51,
        },
        {
          "durationBeats": 0.25,
          "freq": 440,
          "startBeat": 1,
          "velocity": 0.52,
        },
      ],
      "voice": "lead",
    },
    {
      "count": 16,
      "first3": [
        {
          "durationBeats": 2,
          "freq": 130.81,
          "startBeat": 0,
          "velocity": 0.73,
        },
        {
          "durationBeats": 2,
          "freq": 196,
          "startBeat": 2,
          "velocity": 0.77,
        },
        {
          "durationBeats": 2,
          "freq": 174.61,
          "startBeat": 4,
          "velocity": 0.9,
        },
      ],
      "voice": "bass",
    },
    {
      "count": 24,
      "first3": [
        {
          "durationBeats": 4,
          "freq": 261.63,
          "startBeat": 0,
          "velocity": 0.26,
        },
        {
          "durationBeats": 4,
          "freq": 329.63,
          "startBeat": 0,
          "velocity": 0.26,
        },
        {
          "durationBeats": 4,
          "freq": 392,
          "startBeat": 0,
          "velocity": 0.26,
        },
      ],
      "voice": "pad",
    },
    {
      "count": 64,
      "first3": [
        {
          "durationBeats": 0.45,
          "freq": 523.25,
          "startBeat": 0,
          "velocity": 0.39,
        },
        {
          "durationBeats": 0.45,
          "freq": 659.26,
          "startBeat": 0.5,
          "velocity": 0.4,
        },
        {
          "durationBeats": 0.45,
          "freq": 783.99,
          "startBeat": 1,
          "velocity": 0.41,
        },
      ],
      "voice": "arp",
    },
  ],
  "rootMidi": 60,
}
`;
