// Vitest Snapshot v1, https://vitest.dev/guide/snapshot.html

exports[`generateMelody — determinism > matches a committed golden snapshot 1`] = `
[
  {
    "degree": 5,
    "durationBeats": 0.5,
    "startBeat": 0,
    "strong": true,
    "velocity": 0.7,
  },
  {
    "degree": 5,
    "durationBeats": 0.5,
    "startBeat": 0.5,
    "strong": false,
    "velocity": 0.574,
  },
  {
    "degree": 6,
    "durationBeats": 0.5,
    "startBeat": 1,
    "strong": false,
    "velocity": 0.574,
  },
  {
    "degree": 6,
    "durationBeats": 0.5,
    "startBeat": 1.5,
    "strong": false,
    "velocity": 0.574,
  },
  {
    "degree": 7,
    "durationBeats": 0.5,
    "startBeat": 2,
    "strong": true,
    "velocity": 0.7,
  },
  {
    "degree": 7,
    "durationBeats": 0.25,
    "startBeat": 2.5,
    "strong": false,
    "velocity": 0.574,
  },
  {
    "degree": 6,
    "durationBeats": 0.25,
    "startBeat": 2.75,
    "strong": false,
    "velocity": 0.574,
  },
  {
    "degree": 6,
    "durationBeats": 1,
    "startBeat": 3,
    "strong": false,
    "velocity": 0.574,
  },
  {
    "degree": 7,
    "durationBeats": 0.5,
    "startBeat": 4,
    "strong": true,
    "velocity": 0.7,
  },
  {
    "degree": 7,
    "durationBeats": 0.25,
    "startBeat": 4.5,
    "strong": false,
    "velocity": 0.574,
  },
  {
    "degree": 3,
    "durationBeats": 0.25,
    "startBeat": 4.75,
    "strong": false,
    "velocity": 0.574,
  },
  {
    "degree": 7,
    "durationBeats": 1,
    "startBeat": 5,
    "strong": false,
    "velocity": 0.574,
  },
  {
    "degree": 7,
    "durationBeats": 1,
    "startBeat": 6,
    "strong": true,
    "velocity": 0.7,
  },
  {
    "degree": 6,
    "durationBeats": 0.5,
    "startBeat": 7,
    "strong": false,
    "velocity": 0.574,
  },
  {
    "degree": 7,
    "durationBeats": 0.25,
    "startBeat": 7.5,
    "strong": false,
    "velocity": 0.574,
  },
  {
    "degree": 6,
    "durationBeats": 0.25,
    "startBeat": 7.75,
    "strong": false,
    "velocity": 0.574,
  },
  {
    "degree": 6,
    "durationBeats": 0.5,
    "startBeat": 8,
    "strong": true,
    "velocity": 0.7,
  },
  {
    "degree": 7,
    "durationBeats": 0.5,
    "startBeat": 8.5,
    "strong": false,
    "velocity": 0.574,
  },
  {
    "degree": 3,
    "durationBeats": 0.25,
    "startBeat": 9,
    "strong": false,
    "velocity": 0.574,
  },
  {
    "degree": 7,
    "durationBeats": 0.25,
    "startBeat": 9.25,
    "strong": false,
    "velocity": 0.574,
  },
  {
    "degree": 3,
    "durationBeats": 0.25,
    "startBeat": 9.5,
    "strong": false,
    "velocity": 0.574,
  },
  {
    "degree": 6,
    "durationBeats": 0.25,
    "startBeat": 9.75,
    "strong": false,
    "velocity": 0.574,
  },
  {
    "degree": 6,
    "durationBeats": 1,
    "startBeat": 10,
    "strong": true,
    "velocity": 0.7,
  },
  {
    "degree": 7,
    "durationBeats": 1,
    "startBeat": 11,
    "strong": false,
    "velocity": 0.574,
  },
  {
    "degree": 6,
    "durationBeats": 0.5,
    "startBeat": 12,
    "strong": true,
    "velocity": 0.7,
  },
  {
    "degree": 6,
    "durationBeats": 0.5,
    "startBeat": 12.5,
    "strong": false,
    "velocity": 0.574,
  },
  {
    "degree": 7,
    "durationBeats": 0.25,
    "startBeat": 13,
    "strong": false,
    "velocity": 0.574,
  },
  {
    "degree": 6,
    "durationBeats": 0.25,
    "startBeat": 13.25,
    "strong": false,
    "velocity": 0.574,
  },
  {
    "degree": 4,
    "durationBeats": 0.5,
    "startBeat": 13.5,
    "strong": false,
    "velocity": 0.574,
  },
  {
    "degree": 3,
    "durationBeats": 0.5,
    "startBeat": 14,
    "strong": true,
    "velocity": 0.7,
  },
  {
    "degree": 3,
    "durationBeats": 0.5,
    "startBeat": 14.5,
    "strong": false,
    "velocity": 0.574,
  },
  {
    "degree": 2,
    "durationBeats": 0.5,
    "startBeat": 15,
    "strong": false,
    "velocity": 0.574,
  },
  {
    "degree": 3,
    "durationBeats": 0.5,
    "startBeat": 15.5,
    "strong": false,
    "velocity": 0.574,
  },
  {
    "degree": 3,
    "durationBeats": 1,
    "startBeat": 16,
    "strong": true,
    "velocity": 0.7,
  },
  {
    "degree": 7,
    "durationBeats": 0.5,
    "startBeat": 17,
    "strong": false,
    "velocity": 0.574,
  },
  {
    "degree": 6,
    "durationBeats": 0.5,
    "startBeat": 17.5,
    "strong": false,
    "velocity": 0.574,
  },
  {
    "degree": 5,
    "durationBeats": 0.5,
    "startBeat": 18,
    "strong": true,
    "velocity": 0.7,
  },
  {
    "degree": 5,
    "durationBeats": 0.25,
    "startBeat": 18.5,
    "strong": false,
    "velocity": 0.574,
  },
  {
    "degree": 4,
    "durationBeats": 0.25,
    "startBeat": 18.75,
    "strong": false,
    "velocity": 0.574,
  },
  {
    "degree": 7,
    "durationBeats": 0.5,
    "startBeat": 19,
    "strong": false,
    "velocity": 0.574,
  },
  {
    "degree": 7,
    "durationBeats": 0.5,
    "startBeat": 19.5,
    "strong": false,
    "velocity": 0.574,
  },
  {
    "degree": 4,
    "durationBeats": 0.5,
    "startBeat": 20,
    "strong": true,
    "velocity": 0.7,
  },
  {
    "degree": 6,
    "durationBeats": 0.5,
    "startBeat": 20.5,
    "strong": false,
    "velocity": 0.574,
  },
  {
    "degree": 6,
    "durationBeats": 0.75,
    "startBeat": 21,
    "strong": false,
    "velocity": 0.574,
  },
  {
    "degree": 4,
    "durationBeats": 0.25,
    "startBeat": 21.75,
    "strong": false,
    "velocity": 0.574,
  },
  {
    "degree": 7,
    "durationBeats": 0.5,
    "startBeat": 22,
    "strong": true,
    "velocity": 0.7,
  },
  {
    "degree": 7,
    "durationBeats": 0.25,
    "startBeat": 22.5,
    "strong": false,
    "velocity": 0.574,
  },
  {
    "degree": 5,
    "durationBeats": 0.25,
    "startBeat": 22.75,
    "strong": false,
    "velocity": 0.574,
  },
  {
    "degree": 1,
    "durationBeats": 0.25,
    "startBeat": 23,
    "strong": false,
    "velocity": 0.574,
  },
  {
    "degree": 2,
    "durationBeats": 0.25,
    "startBeat": 23.25,
    "strong": false,
    "velocity": 0.574,
  },
  {
    "degree": 3,
    "durationBeats": 0.5,
    "startBeat": 23.5,
    "strong": false,
    "velocity": 0.574,
  },
  {
    "degree": 6,
    "durationBeats": 0.25,
    "startBeat": 24,
    "strong": true,
    "velocity": 0.7,
  },
  {
    "degree": 6,
    "durationBeats": 0.25,
    "startBeat": 24.25,
    "strong": false,
    "velocity": 0.574,
  },
  {
    "degree": 7,
    "durationBeats": 0.5,
    "startBeat": 24.5,
    "strong": false,
    "velocity": 0.574,
  },
  {
    "degree": 5,
    "durationBeats": 0.75,
    "startBeat": 25,
    "strong": false,
    "velocity": 0.574,
  },
  {
    "degree": 6,
    "durationBeats": 0.25,
    "startBeat": 25.75,
    "strong": false,
    "velocity": 0.574,
  },
  {
    "degree": 4,
    "durationBeats": 0.5,
    "startBeat": 26,
    "strong": true,
    "velocity": 0.7,
  },
  {
    "degree": 2,
    "durationBeats": 0.5,
    "startBeat": 26.5,
    "strong": false,
    "velocity": 0.574,
  },
  {
    "degree": 4,
    "durationBeats": 0.25,
    "startBeat": 27,
    "strong": false,
    "velocity": 0.574,
  },
  {
    "degree": 0,
    "durationBeats": 0.25,
    "startBeat": 27.25,
    "strong": false,
    "velocity": 0.574,
  },
  {
    "degree": 4,
    "durationBeats": 0.25,
    "startBeat": 27.5,
    "strong": false,
    "velocity": 0.574,
  },
  {
    "degree": 3,
    "durationBeats": 0.25,
    "startBeat": 27.75,
    "strong": false,
    "velocity": 0.574,
  },
  {
    "degree": 6,
    "durationBeats": 0.25,
    "startBeat": 28,
    "strong": true,
    "velocity": 0.7,
  },
  {
    "degree": 7,
    "durationBeats": 0.25,
    "startBeat": 28.25,
    "strong": false,
    "velocity": 0.574,
  },
  {
    "degree": 7,
    "durationBeats": 0.25,
    "startBeat": 28.5,
    "strong": false,
    "velocity": 0.574,
  },
  {
    "degree": 5,
    "durationBeats": 0.25,
    "startBeat": 28.75,
    "strong": false,
    "velocity": 0.574,
  },
  {
    "degree": 5,
    "durationBeats": 0.75,
    "startBeat": 29,
    "strong": false,
    "velocity": 0.574,
  },
  {
    "degree": 2,
    "durationBeats": 0.25,
    "startBeat": 29.75,
    "strong": false,
    "velocity": 0.574,
  },
  {
    "degree": 6,
    "durationBeats": 0.5,
    "startBeat": 30,
    "strong": true,
    "velocity": 0.7,
  },
  {
    "degree": 6,
    "durationBeats": 0.25,
    "startBeat": 30.5,
    "strong": false,
    "velocity": 0.574,
  },
  {
    "degree": 3,
    "durationBeats": 0.25,
    "startBeat": 30.75,
    "strong": false,
    "velocity": 0.574,
  },
  {
    "degree": 3,
    "durationBeats": 1,
    "startBeat": 31,
    "strong": false,
    "velocity": 0.574,
  },
  {
    "degree": 7,
    "durationBeats": 0.75,
    "startBeat": 32,
    "strong": true,
    "velocity": 0.7,
  },
  {
    "degree": 7,
    "durationBeats": 0.25,
    "startBeat": 32.75,
    "strong": false,
    "velocity": 0.574,
  },
  {
    "degree": 6,
    "durationBeats": 1,
    "startBeat": 33,
    "strong": false,
    "velocity": 0.574,
  },
  {
    "degree": 2,
    "durationBeats": 1,
    "startBeat": 34,
    "strong": true,
    "velocity": 0.7,
  },
  {
    "degree": 3,
    "durationBeats": 0.75,
    "startBeat": 35,
    "strong": false,
    "velocity": 0.574,
  },
  {
    "degree": 4,
    "durationBeats": 0.25,
    "startBeat": 35.75,
    "strong": false,
    "velocity": 0.574,
  },
  {
    "degree": 7,
    "durationBeats": 0.25,
    "startBeat": 36,
    "strong": true,
    "velocity": 0.7,
  },
  {
    "degree": 7,
    "durationBeats": 0.25,
    "startBeat": 36.25,
    "strong": false,
    "velocity": 0.574,
  },
  {
    "degree": 5,
    "durationBeats": 0.5,
    "startBeat": 36.5,
    "strong": false,
    "velocity": 0.574,
  },
  {
    "degree": 5,
    "durationBeats": 0.5,
    "startBeat": 37,
    "strong": false,
    "velocity": 0.574,
  },
  {
    "degree": 6,
    "durationBeats": 0.5,
    "startBeat": 37.5,
    "strong": false,
    "velocity": 0.574,
  },
  {
    "degree": 7,
    "durationBeats": 0.5,
    "startBeat": 38,
    "strong": true,
    "velocity": 0.7,
  },
  {
    "degree": 7,
    "durationBeats": 0.25,
    "startBeat": 38.5,
    "strong": false,
    "velocity": 0.574,
  },
  {
    "degree": 4,
    "durationBeats": 0.25,
    "startBeat": 38.75,
    "strong": false,
    "velocity": 0.574,
  },
  {
    "degree": 3,
    "durationBeats": 0.25,
    "startBeat": 39,
    "strong": false,
    "velocity": 0.574,
  },
  {
    "degree": 2,
    "durationBeats": 0.25,
    "startBeat": 39.25,
    "strong": false,
    "velocity": 0.574,
  },
  {
    "degree": 1,
    "durationBeats": 0.5,
    "startBeat": 39.5,
    "strong": false,
    "velocity": 0.574,
  },
  {
    "degree": 1,
    "durationBeats": 0.5,
    "startBeat": 40,
    "strong": true,
    "velocity": 0.7,
  },
  {
    "degree": 0,
    "durationBeats": 0.25,
    "startBeat": 40.5,
    "strong": false,
    "velocity": 0.574,
  },
  {
    "degree": 3,
    "durationBeats": 0.25,
    "startBeat": 40.75,
    "strong": false,
    "velocity": 0.574,
  },
  {
    "degree": 7,
    "durationBeats": 1,
    "startBeat": 41,
    "strong": false,
    "velocity": 0.574,
  },
  {
    "degree": 6,
    "durationBeats": 0.25,
    "startBeat": 42,
    "strong": true,
    "velocity": 0.7,
  },
  {
    "degree": 6,
    "durationBeats": 0.25,
    "startBeat": 42.25,
    "strong": false,
    "velocity": 0.574,
  },
  {
    "degree": 5,
    "durationBeats": 0.25,
    "startBeat": 42.5,
    "strong": false,
    "velocity": 0.574,
  },
  {
    "degree": 3,
    "durationBeats": 0.25,
    "startBeat": 42.75,
    "strong": false,
    "velocity": 0.574,
  },
  {
    "degree": 3,
    "durationBeats": 0.5,
    "startBeat": 43,
    "strong": false,
    "velocity": 0.574,
  },
  {
    "degree": 7,
    "durationBeats": 0.5,
    "startBeat": 43.5,
    "strong": false,
    "velocity": 0.574,
  },
  {
    "degree": 6,
    "durationBeats": 0.25,
    "startBeat": 44,
    "strong": true,
    "velocity": 0.7,
  },
  {
    "degree": 6,
    "durationBeats": 0.25,
    "startBeat": 44.25,
    "strong": false,
    "velocity": 0.574,
  },
  {
    "degree": 7,
    "durationBeats": 0.25,
    "startBeat": 44.5,
    "strong": false,
    "velocity": 0.574,
  },
  {
    "degree": 3,
    "durationBeats": 0.25,
    "startBeat": 44.75,
    "strong": false,
    "velocity": 0.574,
  },
  {
    "degree": 3,
    "durationBeats": 0.5,
    "startBeat": 45,
    "strong": false,
    "velocity": 0.574,
  },
  {
    "degree": 5,
    "durationBeats": 0.5,
    "startBeat": 45.5,
    "strong": false,
    "velocity": 0.574,
  },
  {
    "degree": 6,
    "durationBeats": 0.5,
    "startBeat": 46,
    "strong": true,
    "velocity": 0.7,
  },
  {
    "degree": 5,
    "durationBeats": 0.25,
    "startBeat": 46.5,
    "strong": false,
    "velocity": 0.574,
  },
  {
    "degree": 7,
    "durationBeats": 0.25,
    "startBeat": 46.75,
    "strong": false,
    "velocity": 0.574,
  },
  {
    "degree": 7,
    "durationBeats": 0.75,
    "startBeat": 47,
    "strong": false,
    "velocity": 0.574,
  },
  {
    "degree": 5,
    "durationBeats": 0.25,
    "startBeat": 47.75,
    "strong": false,
    "velocity": 0.574,
  },
  {
    "degree": 5,
    "durationBeats": 1,
    "startBeat": 48,
    "strong": true,
    "velocity": 0.7,
  },
  {
    "degree": 1,
    "durationBeats": 0.5,
    "startBeat": 49,
    "strong": false,
    "velocity": 0.574,
  },
  {
    "degree": 1,
    "durationBeats": 0.25,
    "startBeat": 49.5,
    "strong": false,
    "velocity": 0.574,
  },
  {
    "degree": 4,
    "durationBeats": 0.25,
    "startBeat": 49.75,
    "strong": false,
    "velocity": 0.574,
  },
  {
    "degree": 3,
    "durationBeats": 0.5,
    "startBeat": 50,
    "strong": true,
    "velocity": 0.7,
  },
  {
    "degree": 4,
    "durationBeats": 0.5,
    "startBeat": 50.5,
    "strong": false,
    "velocity": 0.574,
  },
  {
    "degree": 5,
    "durationBeats": 0.25,
    "startBeat": 51,
    "strong": false,
    "velocity": 0.574,
  },
  {
    "degree": 7,
    "durationBeats": 0.25,
    "startBeat": 51.25,
    "strong": false,
    "velocity": 0.574,
  },
  {
    "degree": 7,
    "durationBeats": 0.5,
    "startBeat": 51.5,
    "strong": false,
    "velocity": 0.574,
  },
  {
    "degree": 5,
    "durationBeats": 0.5,
    "startBeat": 52,
    "strong": true,
    "velocity": 0.7,
  },
  {
    "degree": 7,
    "durationBeats": 0.5,
    "startBeat": 52.5,
    "strong": false,
    "velocity": 0.574,
  },
  {
    "degree": 7,
    "durationBeats": 0.5,
    "startBeat": 53,
    "strong": false,
    "velocity": 0.574,
  },
  {
    "degree": 3,
    "durationBeats": 0.5,
    "startBeat": 53.5,
    "strong": false,
    "velocity": 0.574,
  },
  {
    "degree": 4,
    "durationBeats": 1,
    "startBeat": 54,
    "strong": true,
    "velocity": 0.7,
  },
  {
    "degree": 7,
    "durationBeats": 1,
    "startBeat": 55,
    "strong": false,
    "velocity": 0.574,
  },
  {
    "degree": 6,
    "durationBeats": 0.25,
    "startBeat": 56,
    "strong": true,
    "velocity": 0.7,
  },
  {
    "degree": 6,
    "durationBeats": 0.25,
    "startBeat": 56.25,
    "strong": false,
    "velocity": 0.574,
  },
  {
    "degree": 7,
    "durationBeats": 0.5,
    "startBeat": 56.5,
    "strong": false,
    "velocity": 0.574,
  },
  {
    "degree": 5,
    "durationBeats": 0.5,
    "startBeat": 57,
    "strong": false,
    "velocity": 0.574,
  },
  {
    "degree": 1,
    "durationBeats": 0.5,
    "startBeat": 57.5,
    "strong": false,
    "velocity": 0.574,
  },
  {
    "degree": 1,
    "durationBeats": 0.5,
    "startBeat": 58,
    "strong": true,
    "velocity": 0.7,
  },
  {
    "degree": 2,
    "durationBeats": 0.25,
    "startBeat": 58.5,
    "strong": false,
    "velocity": 0.574,
  },
  {
    "degree": 4,
    "durationBeats": 0.25,
    "startBeat": 58.75,
    "strong": false,
    "velocity": 0.574,
  },
  {
    "degree": 1,
    "durationBeats": 0.75,
    "startBeat": 59,
    "strong": false,
    "velocity": 0.574,
  },
  {
    "degree": 1,
    "durationBeats": 0.25,
    "startBeat": 59.75,
    "strong": false,
    "velocity": 0.574,
  },
  {
    "degree": 3,
    "durationBeats": 0.5,
    "startBeat": 60,
    "strong": true,
    "velocity": 0.7,
  },
  {
    "degree": 4,
    "durationBeats": 0.25,
    "startBeat": 60.5,
    "strong": false,
    "velocity": 0.574,
  },
  {
    "degree": 4,
    "durationBeats": 0.25,
    "startBeat": 60.75,
    "strong": false,
    "velocity": 0.574,
  },
  {
    "degree": 6,
    "durationBeats": 0.5,
    "startBeat": 61,
    "strong": false,
    "velocity": 0.574,
  },
  {
    "degree": 7,
    "durationBeats": 0.5,
    "startBeat": 61.5,
    "strong": false,
    "velocity": 0.574,
  },
  {
    "degree": 7,
    "durationBeats": 0.5,
    "startBeat": 62,
    "strong": true,
    "velocity": 0.7,
  },
  {
    "degree": 3,
    "durationBeats": 0.25,
    "startBeat": 62.5,
    "strong": false,
    "velocity": 0.574,
  },
  {
    "degree": 1,
    "durationBeats": 0.25,
    "startBeat": 62.75,
    "strong": false,
    "velocity": 0.574,
  },
  {
    "degree": 0,
    "durationBeats": 1,
    "startBeat": 63,
    "strong": false,
    "velocity": 0.574,
  },
]
`;
