// Vitest Snapshot v1, https://vitest.dev/guide/snapshot.html

exports[`humanize > locks the humanized output for a fixed seed (golden — pins rng draw order) 1`] = `
[
  {
    "notes": [
      [
        0,
        0.5704,
      ],
      [
        0.5191,
        0.5216,
      ],
      [
        1.0009,
        0.519,
      ],
      [
        1.7486,
        0.5307,
      ],
      [
        3.0021,
        0.599,
      ],
      [
        3.7403,
        0.5767,
      ],
    ],
    "voice": "lead",
  },
  {
    "notes": [
      [
        0,
        0.7435,
      ],
      [
        2.0095,
        0.7785,
      ],
      [
        3.9925,
        0.8709,
      ],
      [
        5.9804,
        0.8438,
      ],
      [
        8.0177,
        1,
      ],
      [
        10.0052,
        0.8428,
      ],
    ],
    "voice": "bass",
  },
  {
    "notes": [
      [
        0.0063,
        0.2732,
      ],
      [
        0.0044,
        0.2653,
      ],
      [
        0.0182,
        0.2577,
      ],
      [
        3.9892,
        0.3206,
      ],
      [
        4.0118,
        0.3309,
      ],
      [
        3.9876,
        0.3195,
      ],
    ],
    "voice": "pad",
  },
  {
    "notes": [
      [
        0,
        0.4065,
      ],
      [
        0.4901,
        0.3927,
      ],
      [
        0.9991,
        0.4279,
      ],
      [
        1.4962,
        0.4477,
      ],
      [
        2.0021,
        0.4319,
      ],
      [
        2.4935,
        0.4484,
      ],
    ],
    "voice": "arp",
  },
]
`;
