// Vitest Snapshot v1, https://vitest.dev/guide/snapshot.html

exports[`humanize > locks the humanized output for a fixed seed (golden — pins rng draw order) 1`] = `
[
  {
    "notes": [
      [
        0,
        0.6632,
      ],
      [
        0.5191,
        0.5877,
      ],
      [
        1.0009,
        0.5675,
      ],
      [
        1.7486,
        0.5561,
      ],
      [
        3.0021,
        0.5898,
      ],
      [
        3.7403,
        0.5503,
      ],
    ],
    "voice": "lead",
  },
  {
    "notes": [
      [
        0,
        0.8645,
      ],
      [
        2.0095,
        0.805,
      ],
      [
        3.9925,
        0.8232,
      ],
      [
        5.9804,
        0.7543,
      ],
      [
        8.0177,
        0.884,
      ],
      [
        10.0052,
        0.7534,
      ],
    ],
    "voice": "bass",
  },
  {
    "notes": [
      [
        0.0063,
        0.3176,
      ],
      [
        0.0044,
        0.3085,
      ],
      [
        0.0182,
        0.2996,
      ],
      [
        3.9892,
        0.303,
      ],
      [
        4.0118,
        0.3127,
      ],
      [
        3.9876,
        0.302,
      ],
    ],
    "voice": "pad",
  },
  {
    "notes": [
      [
        0,
        0.4727,
      ],
      [
        0.4901,
        0.4425,
      ],
      [
        0.9991,
        0.4678,
      ],
      [
        1.4962,
        0.4756,
      ],
      [
        2.0021,
        0.4466,
      ],
      [
        2.4935,
        0.452,
      ],
    ],
    "voice": "arp",
  },
]
`;
