// Vitest Snapshot v1, https://vitest.dev/guide/snapshot.html

exports[`humanize > locks the humanized output for a fixed seed (golden — pins rng draw order) 1`] = `
[
  {
    "notes": [
      [
        0,
        0.6632,
      ],
      [
        0.5191,
        0.5877,
      ],
      [
        1.0009,
        0.5675,
      ],
      [
        1.9986,
        0.6782,
      ],
      [
        2.7521,
        0.5898,
      ],
      [
        2.9903,
        0.5503,
      ],
    ],
    "voice": "lead",
  },
  {
    "notes": [
      [
        0,
        0.7993,
      ],
      [
        1.9869,
        0.7543,
      ],
      [
        3.9843,
        0.8884,
      ],
      [
        6.0193,
        0.7578,
      ],
      [
        7.987,
        0.8403,
      ],
      [
        10,
        0.8223,
      ],
    ],
    "voice": "bass",
  },
  {
    "notes": [
      [
        0,
        0.295,
      ],
      [
        0,
        0.3119,
      ],
      [
        0,
        0.3171,
      ],
      [
        4.0021,
        0.2977,
      ],
      [
        3.9935,
        0.3013,
      ],
      [
        3.9917,
        0.3138,
      ],
    ],
    "voice": "pad",
  },
  {
    "notes": [
      [
        0.009,
        0.4566,
      ],
      [
        0.5038,
        0.4377,
      ],
      [
        1.0133,
        0.4491,
      ],
      [
        1.4856,
        0.462,
      ],
      [
        1.9986,
        0.4532,
      ],
      [
        2.5021,
        0.471,
      ],
    ],
    "voice": "arp",
  },
]
`;
