// Vitest Snapshot v1, https://vitest.dev/guide/snapshot.html

exports[`MelodyStream — determinism > matches a committed golden snapshot 1`] = `
[
  [
    {
      "durationBeats": 1,
      "frequency": 587.3295358348151,
      "startBeat": 0,
      "velocity": 0.7,
      "voice": "lead",
    },
    {
      "durationBeats": 2,
      "frequency": 130.8127826502993,
      "startBeat": 0,
      "velocity": 0.5,
      "voice": "bass",
    },
    {
      "durationBeats": 1,
      "frequency": 783.9908719634985,
      "startBeat": 1,
      "velocity": 0.574,
      "voice": "lead",
    },
    {
      "durationBeats": 0.5,
      "frequency": 659.2551138257398,
      "startBeat": 2,
      "velocity": 0.574,
      "voice": "lead",
    },
    {
      "durationBeats": 2,
      "frequency": 195.99771799087463,
      "startBeat": 2,
      "velocity": 0.45,
      "voice": "bass",
    },
    {
      "durationBeats": 0.5,
      "frequency": 587.3295358348151,
      "startBeat": 2.5,
      "velocity": 0.574,
      "voice": "lead",
    },
    {
      "durationBeats": 0.5,
      "frequency": 880,
      "startBeat": 3,
      "velocity": 0.574,
      "voice": "lead",
    },
    {
      "durationBeats": 0.5,
      "frequency": 1046.5022612023945,
      "startBeat": 3.5,
      "velocity": 0.574,
      "voice": "lead",
    },
  ],
  [
    {
      "durationBeats": 1,
      "frequency": 1174.6590716696303,
      "startBeat": 4,
      "velocity": 0.7,
      "voice": "lead",
    },
    {
      "durationBeats": 2,
      "frequency": 130.8127826502993,
      "startBeat": 4,
      "velocity": 0.5,
      "voice": "bass",
    },
    {
      "durationBeats": 1,
      "frequency": 1174.6590716696303,
      "startBeat": 5,
      "velocity": 0.574,
      "voice": "lead",
    },
    {
      "durationBeats": 0.5,
      "frequency": 1046.5022612023945,
      "startBeat": 6,
      "velocity": 0.574,
      "voice": "lead",
    },
    {
      "durationBeats": 2,
      "frequency": 195.99771799087463,
      "startBeat": 6,
      "velocity": 0.45,
      "voice": "bass",
    },
    {
      "durationBeats": 0.5,
      "frequency": 880,
      "startBeat": 6.5,
      "velocity": 0.574,
      "voice": "lead",
    },
    {
      "durationBeats": 0.5,
      "frequency": 1318.5102276514797,
      "startBeat": 7,
      "velocity": 0.574,
      "voice": "lead",
    },
    {
      "durationBeats": 0.25,
      "frequency": 1046.5022612023945,
      "startBeat": 7,
      "velocity": 0.3,
      "voice": "arp",
    },
    {
      "durationBeats": 0.25,
      "frequency": 1318.5102276514797,
      "startBeat": 7.25,
      "velocity": 0.3,
      "voice": "arp",
    },
    {
      "durationBeats": 0.5,
      "frequency": 1318.5102276514797,
      "startBeat": 7.5,
      "velocity": 0.574,
      "voice": "lead",
    },
    {
      "durationBeats": 0.25,
      "frequency": 1567.981743926997,
      "startBeat": 7.5,
      "velocity": 0.3,
      "voice": "arp",
    },
    {
      "durationBeats": 0.25,
      "frequency": 2093.004522404789,
      "startBeat": 7.75,
      "velocity": 0.3,
      "voice": "arp",
    },
  ],
  [
    {
      "durationBeats": 0.75,
      "frequency": 1174.6590716696303,
      "startBeat": 8,
      "velocity": 0.7,
      "voice": "lead",
    },
    {
      "durationBeats": 2,
      "frequency": 130.8127826502993,
      "startBeat": 8,
      "velocity": 0.5,
      "voice": "bass",
    },
    {
      "durationBeats": 0.25,
      "frequency": 880,
      "startBeat": 8.75,
      "velocity": 0.574,
      "voice": "lead",
    },
    {
      "durationBeats": 0.5,
      "frequency": 783.9908719634985,
      "startBeat": 9,
      "velocity": 0.574,
      "voice": "lead",
    },
    {
      "durationBeats": 1,
      "frequency": 1046.5022612023945,
      "startBeat": 9.5,
      "velocity": 0.574,
      "voice": "lead",
    },
    {
      "durationBeats": 2,
      "frequency": 195.99771799087463,
      "startBeat": 10,
      "velocity": 0.45,
      "voice": "bass",
    },
    {
      "durationBeats": 0.25,
      "frequency": 1174.6590716696303,
      "startBeat": 10.5,
      "velocity": 0.574,
      "voice": "lead",
    },
    {
      "durationBeats": 0.75,
      "frequency": 783.9908719634985,
      "startBeat": 10.75,
      "velocity": 0.574,
      "voice": "lead",
    },
    {
      "durationBeats": 0.25,
      "frequency": 659.2551138257398,
      "startBeat": 11.5,
      "velocity": 0.574,
      "voice": "lead",
    },
    {
      "durationBeats": 0.25,
      "frequency": 1046.5022612023945,
      "startBeat": 11.75,
      "velocity": 0.574,
      "voice": "lead",
    },
  ],
  [
    {
      "durationBeats": 1,
      "frequency": 880,
      "startBeat": 12,
      "velocity": 0.7,
      "voice": "lead",
    },
    {
      "durationBeats": 2,
      "frequency": 130.8127826502993,
      "startBeat": 12,
      "velocity": 0.5,
      "voice": "bass",
    },
    {
      "durationBeats": 1,
      "frequency": 1174.6590716696303,
      "startBeat": 13,
      "velocity": 0.574,
      "voice": "lead",
    },
    {
      "durationBeats": 0.5,
      "frequency": 1046.5022612023945,
      "startBeat": 14,
      "velocity": 0.574,
      "voice": "lead",
    },
    {
      "durationBeats": 2,
      "frequency": 195.99771799087463,
      "startBeat": 14,
      "velocity": 0.45,
      "voice": "bass",
    },
    {
      "durationBeats": 0.5,
      "frequency": 880,
      "startBeat": 14.5,
      "velocity": 0.574,
      "voice": "lead",
    },
    {
      "durationBeats": 0.5,
      "frequency": 1318.5102276514797,
      "startBeat": 15,
      "velocity": 0.574,
      "voice": "lead",
    },
    {
      "durationBeats": 0.25,
      "frequency": 1046.5022612023945,
      "startBeat": 15,
      "velocity": 0.3,
      "voice": "arp",
    },
    {
      "durationBeats": 0.25,
      "frequency": 1318.5102276514797,
      "startBeat": 15.25,
      "velocity": 0.3,
      "voice": "arp",
    },
    {
      "durationBeats": 0.5,
      "frequency": 1046.5022612023945,
      "startBeat": 15.5,
      "velocity": 0.574,
      "voice": "lead",
    },
    {
      "durationBeats": 0.25,
      "frequency": 1567.981743926997,
      "startBeat": 15.5,
      "velocity": 0.3,
      "voice": "arp",
    },
    {
      "durationBeats": 0.25,
      "frequency": 2093.004522404789,
      "startBeat": 15.75,
      "velocity": 0.3,
      "voice": "arp",
    },
  ],
]
`;
