// Vitest Snapshot v1, https://vitest.dev/guide/snapshot.html

exports[`createSession > locks a 3/4 (waltz) and a 6/8 (sixEight) session (golden — non-4/4 determinism) 1`] = `
{
  "sixEight": {
    "beatsPerBar": 6,
    "drums": [],
    "firstFreqs": [
      131,
      156,
      196,
      262,
      311,
      392,
    ],
  },
  "waltz": {
    "beatsPerBar": 3,
    "drums": [],
    "firstFreqs": [
      131,
      156,
      196,
      262,
      311,
      392,
    ],
  },
}
`;

exports[`createSession > locks the seed→session mapping (golden — pins the style/instrument/arrange/noise fork chain) 1`] = `
{
  "bars": 8,
  "beatsPerBar": 4,
  "bpm": 107,
  "firstFreqs": [
    131,
    196,
    196,
    147,
    262,
    330,
    392,
    294,
  ],
  "instruments": {
    "arp": "pluck",
    "bass": "subBass",
    "lead": "marimba",
    "pad": "strings",
  },
  "noise": [
    -0.953918,
    0.961943,
    -0.433331,
  ],
}
`;
