// Vitest Snapshot v1, https://vitest.dev/guide/snapshot.html

exports[`pickStyle > locks the seed→choice mapping (golden — guards rng draw order) 1`] = `
[
  {
    "bpm": 123,
    "density": 0.658,
    "groove": "fourOnFloor",
    "instruments": {
      "arp": [
        "pluck",
        "bell",
        "musicBox",
        "glockenspiel",
        "celesta",
        "harp",
      ],
      "bass": [
        "subBass",
        "roundBass",
      ],
      "lead": [
        "pluck",
        "marimba",
        "squareLead",
        "synthBrass",
        "supersaw",
      ],
      "pad": [
        "warmPad",
        "glassPad",
        "organ",
        "strings",
        "supersaw",
      ],
    },
    "name": "peppy",
    "parent": [
      0,
      2,
      4,
      6,
      7,
      9,
      11,
    ],
    "raga": [
      0,
      2,
      4,
      6,
      7,
      9,
      11,
    ],
    "rootMidi": 63,
    "swing": 0.052,
  },
  {
    "bpm": 84,
    "density": 0.358,
    "groove": "soft",
    "instruments": {
      "arp": [
        "musicBox",
        "bell",
        "glockenspiel",
        "celesta",
        "harp",
        "tubularBell",
      ],
      "bass": [
        "subBass",
        "roundBass",
      ],
      "lead": [
        "sineLead",
        "marimba",
        "epiano",
        "airLead",
        "clarinet",
        "strings",
        "harp",
      ],
      "pad": [
        "warmPad",
        "glassPad",
        "epiano",
        "strings",
        "tubularBell",
        "choir",
      ],
    },
    "name": "calm",
    "parent": [
      0,
      1,
      3,
      5,
      7,
      8,
      10,
    ],
    "raga": [
      0,
      3,
      5,
      8,
      10,
    ],
    "rootMidi": 61,
    "swing": 0.07,
  },
  {
    "bpm": 131,
    "density": 0.758,
    "groove": "straight",
    "instruments": {
      "arp": [
        "synthArp",
        "pluck",
        "musicBox",
        "glockenspiel",
        "celesta",
        "harp",
      ],
      "bass": [
        "roundBass",
        "subBass",
      ],
      "lead": [
        "squareLead",
        "pluck",
        "synthArp",
        "synthBrass",
        "supersaw",
      ],
      "pad": [
        "organ",
        "glassPad",
        "strings",
        "supersaw",
      ],
    },
    "name": "playful",
    "parent": [
      0,
      2,
      4,
      6,
      7,
      9,
      11,
    ],
    "raga": [
      0,
      2,
      4,
      6,
      7,
      9,
      11,
    ],
    "rootMidi": 63,
    "swing": 0.152,
  },
  {
    "bpm": 91,
    "density": 0.458,
    "groove": "halfTime",
    "instruments": {
      "arp": [
        "bell",
        "musicBox",
        "glockenspiel",
        "celesta",
        "harp",
        "tubularBell",
      ],
      "bass": [
        "subBass",
        "roundBass",
      ],
      "lead": [
        "sineLead",
        "marimba",
        "epiano",
        "airLead",
        "clarinet",
        "strings",
        "harp",
      ],
      "pad": [
        "glassPad",
        "warmPad",
        "epiano",
        "strings",
        "tubularBell",
        "choir",
      ],
    },
    "name": "dreamy",
    "parent": [
      0,
      2,
      3,
      5,
      7,
      8,
      11,
    ],
    "raga": [
      0,
      2,
      3,
      5,
      7,
      8,
      11,
    ],
    "rootMidi": 61,
    "swing": 0.052,
  },
  {
    "bpm": 82,
    "density": 0.432,
    "groove": "soft",
    "instruments": {
      "arp": [
        "musicBox",
        "bell",
        "harp",
        "celesta",
      ],
      "bass": [
        "roundBass",
        "subBass",
      ],
      "lead": [
        "epiano",
        "sineLead",
        "marimba",
        "clarinet",
      ],
      "pad": [
        "warmPad",
        "epiano",
        "choir",
        "glassPad",
      ],
    },
    "name": "lofi",
    "parent": [
      0,
      2,
      4,
      5,
      7,
      9,
      11,
    ],
    "raga": [
      0,
      2,
      4,
      7,
      9,
    ],
    "rootMidi": 61,
    "swing": 0.252,
  },
  {
    "bpm": 90,
    "density": 0.508,
    "groove": "straight",
    "instruments": {
      "arp": [
        "harp",
        "glockenspiel",
        "celesta",
        "tubularBell",
      ],
      "bass": [
        "subBass",
        "roundBass",
      ],
      "lead": [
        "strings",
        "airLead",
        "choir",
        "sineLead",
      ],
      "pad": [
        "strings",
        "choir",
        "warmPad",
        "glassPad",
      ],
    },
    "name": "cinematic",
    "parent": [
      0,
      1,
      3,
      5,
      7,
      8,
      10,
    ],
    "raga": [
      0,
      3,
      5,
      7,
      10,
    ],
    "rootMidi": 59,
    "swing": 0.035,
  },
  {
    "bpm": 70,
    "density": 0.282,
    "groove": "halfTime",
    "instruments": {
      "arp": [
        "bell",
        "musicBox",
        "celesta",
        "glockenspiel",
        "harp",
      ],
      "bass": [
        "subBass",
      ],
      "lead": [
        "airLead",
        "choir",
        "sineLead",
        "strings",
      ],
      "pad": [
        "warmPad",
        "glassPad",
        "choir",
        "strings",
        "tubularBell",
      ],
    },
    "name": "ambient",
    "parent": [
      0,
      2,
      4,
      6,
      7,
      9,
      11,
    ],
    "raga": [
      0,
      2,
      4,
      6,
      7,
      9,
      11,
    ],
    "rootMidi": 63,
    "swing": 0.035,
  },
]
`;
